{
    "results": [
        {
            "property": "Album.Songs[n].Name",
            "outcomes": [
                {
                    "validator": "NotNullValidation",
                    "message": "Must not be null.",
                    "values": []
                },
                {
                    "validator": "IsLengthInclusivelyBetweenValidation",
                    "message": "Must be between 5 and 200 inclusive.",
                    "values": [
                        {
                            "key": "startValue",
                            "value": "5"
                        },
                        {
                            "key": "endValue",
                            "value": "200"
                        }
                    ]
                }
            ],
            "validationGroups": []
        },
        {
            "property": "Album.Songs[n].ArtistAgain",
            "outcomes": [
                {
                    "validator": "NotNullValidation",
                    "message": "Must not be null.",
                    "values": []
                }
            ],
            "validationGroups": []
        }
    ]
}