{
    "results": [
        {
            "property": "Artist",
            "outcomes": [
                {
                    "propertyName": "Artist",
                    "message": "Must equal to 'John'",
                    "group": null
                }
            ]
        },
        {
            "property": "Songs",
            "outcomes": [
                {
                    "propertyName": "Songs",
                    "message": "Must not be null",
                    "group": null
                }
            ]
        },
        {
            "property": "Songs[n]",
            "outcomes": [
                {
                    "propertyName": "Songs[n]",
                    "message": "Must not be null",
                    "group": null
                }
            ]
        }
    ]
}