{
    "errors": {
        "string": [
            "Is not between 0 and 10 inclusive."
        ],
        "allFieldTypesList": [
            "Is not between 0 and 1 inclusive."
        ],
        "allFieldTypesLinkedList": [
            "Is not between 0 and 1 inclusive."
        ],
        "allFieldTypesIEnumerable": [
            "Is not between 0 and 1 inclusive."
        ],
        "allFieldTypesDictionary": [
            "Is not between 0 and 1 inclusive."
        ]
    }
}