{
    "results": [
        {
            "property": "Artist",
            "outcomes": [
                {
                    "isFailed": true,
                    "isSucceeded": false,
                    "propertyName": "Artist",
                    "message": "PopValidations_Tests.Demonstration.Advanced.Validators.DesignedToBePatternMatchedSomething is ensured to be false by adding Something to the end.",
                    "group": null
                }
            ]
        },
        {
            "property": "Songs[0]",
            "outcomes": [
                {
                    "isFailed": true,
                    "isSucceeded": false,
                    "propertyName": "Songs[0]",
                    "message": "AdvancedSong { Artist = Disturbed, TrackNumber = 1, TrackName = Down With The Sickness, Duration = 2.4, Genre = Metal } Was not found in list of songs we own the rights to",
                    "group": {
                        "name": "Album constains songs we don't own the copyright to",
                        "description": "Album constains songs we don't own the copyright to",
                        "group": null
                    }
                }
            ]
        },
        {
            "property": "Songs[0].TrackName",
            "outcomes": [
                {
                    "isFailed": true,
                    "isSucceeded": false,
                    "propertyName": "Songs[0].TrackName",
                    "message": "Is not equal to 'Definitely Not The Correct Song Name.'",
                    "group": null
                }
            ]
        },
        {
            "property": "Songs[0].Duration",
            "outcomes": [
                {
                    "isFailed": true,
                    "isSucceeded": false,
                    "propertyName": "Songs[0].Duration",
                    "message": "Song must have a negative duration.",
                    "group": null
                }
            ]
        },
        {
            "property": "Songs[1]",
            "outcomes": [
                {
                    "isFailed": true,
                    "isSucceeded": false,
                    "propertyName": "Songs[1]",
                    "message": "AdvancedSong { Artist = Evanescence, TrackNumber = 2, TrackName = Bring Me To Life, Duration = 2.4, Genre = Punk Rock } Was not found in list of songs we own the rights to",
                    "group": {
                        "name": "Album constains songs we don't own the copyright to",
                        "description": "Album constains songs we don't own the copyright to",
                        "group": null
                    }
                }
            ]
        },
        {
            "property": "Songs[1].TrackName",
            "outcomes": [
                {
                    "isFailed": true,
                    "isSucceeded": false,
                    "propertyName": "Songs[1].TrackName",
                    "message": "Is not equal to 'Definitely Not The Correct Song Name.'",
                    "group": null
                }
            ]
        },
        {
            "property": "Songs[1].Duration",
            "outcomes": [
                {
                    "isFailed": true,
                    "isSucceeded": false,
                    "propertyName": "Songs[1].Duration",
                    "message": "Song must have a negative duration.",
                    "group": null
                }
            ]
        }
    ]
}