{
    "results": [
        {
            "property": "Email",
            "outcomes": [
                {
                    "validator": "IsEmailValidation",
                    "message": "Must be a valid email",
                    "values": []
                }
            ],
            "validationGroups": []
        }
    ]
}