{
    "errors": {
        "email": [
            "Is not a valid email"
        ]
    }
}