{
    "errors": {
        "integer": [
            "Is not null."
        ],
        "string": [
            "Is not null."
        ],
        "decimal": [
            "Is not null."
        ],
        "double": [
            "Is not null."
        ],
        "short": [
            "Is not null."
        ],
        "long": [
            "Is not null."
        ],
        "twoComponentTuple": [
            "Is not null."
        ],
        "twoComponentNewTupple": [
            "Is not null."
        ],
        "allFieldTypesList": [
            "Is not null."
        ],
        "allFieldTypesLinkedList": [
            "Is not null."
        ],
        "allFieldTypesIEnumerable": [
            "Is not null."
        ],
        "allFieldTypesDictionary": [
            "Is not null."
        ],
        "struct": [
            "Is not null."
        ]
    }
}